// Jest Snapshot v1, https://goo.gl/fbAQLP

exports[`Map updatePolygons() should update polygons 1`] = `
Array [
  Array [
    Array [],
  ],
  Array [
    Array [],
  ],
  Array [
    Array [],
  ],
  Array [
    Array [],
  ],
]
`;
